// Jest Snapshot v1, https://goo.gl/fbAQLP

exports[`Pruebas en <DeleteEventFab /> Debe mostrarse correctamente 1`] = `
<button
  className="btn btn-danger fab-danger"
  onClick={[Function]}
>
  <i
    className="fas fa-trash pr-2"
  />
  <span>
    Eliminar evento
  </span>
</button>
`;
